baseline: 21 non-zero registers; watching (Ctrl-C to stop)
11:45:27 0x031A ( 794)  1184 ->  1185  (0x04A0 -> 0x04A1)
11:45:54 0x031A ( 794)  1185 ->  1186  (0x04A1 -> 0x04A2)
11:46:06 0x0202 ( 514)     5 ->     1  (0x0005 -> 0x0001)
11:46:06 0x0203 ( 515)   260 ->   210  (0x0104 -> 0x00D2)
11:46:06 0x0310 ( 784)     4 ->     1  (0x0004 -> 0x0001)
11:46:11 0x0311 ( 785)     1 ->     2  (0x0001 -> 0x0002)
11:46:11 0x0316 ( 790)     0 ->  1000  (0x0000 -> 0x03E8)
11:46:11 0x0317 ( 791)     0 ->   173  (0x0000 -> 0x00AD)
11:46:14 0x0317 ( 791)   173 ->   283  (0x00AD -> 0x011B)
11:46:16 0x0317 ( 791)   283 ->   522  (0x011B -> 0x020A)
11:46:19 0x0317 ( 791)   522 ->   534  (0x020A -> 0x0216)
11:46:21 0x0204 ( 516)     1 ->     2  (0x0001 -> 0x0002)
11:46:21 0x0208 ( 520)     0 ->     1  (0x0000 -> 0x0001)
11:46:21 0x0311 ( 785)     2 ->     8  (0x0002 -> 0x0008)
11:46:21 0x0316 ( 790)  1000 ->   950  (0x03E8 -> 0x03B6)
11:46:21 0x0317 ( 791)   534 ->   616  (0x0216 -> 0x0268)
11:46:24 0x0317 ( 791)   616 ->   925  (0x0268 -> 0x039D)
11:46:24 0x031A ( 794)  1186 ->  1187  (0x04A2 -> 0x04A3)
11:46:26 0x0317 ( 791)   925 ->   957  (0x039D -> 0x03BD)
11:46:29 0x0317 ( 791)   957 ->   949  (0x03BD -> 0x03B5)
11:46:39 0x0317 ( 791)   949 ->   950  (0x03B5 -> 0x03B6)
11:46:39 0x031A ( 794)  1187 ->  1188  (0x04A3 -> 0x04A4)
11:46:41 0x0317 ( 791)   950 ->   949  (0x03B6 -> 0x03B5)
11:46:44 0x0317 ( 791)   949 ->   950  (0x03B5 -> 0x03B6)
11:46:49 0x0317 ( 791)   950 ->   949  (0x03B6 -> 0x03B5)
11:46:49 0x031A ( 794)  1188 ->  1189  (0x04A4 -> 0x04A5)
11:46:51 0x0208 ( 520)     1 ->     0  (0x0001 -> 0x0000)
11:46:51 0x0311 ( 785)     8 ->     2  (0x0008 -> 0x0002)
11:46:51 0x0316 ( 790)   950 ->  1000  (0x03B6 -> 0x03E8)
11:46:51 0x0317 ( 791)   949 ->   962  (0x03B5 -> 0x03C2)
11:46:54 0x0317 ( 791)   962 ->   987  (0x03C2 -> 0x03DB)
11:46:56 0x0317 ( 791)   987 ->   999  (0x03DB -> 0x03E7)
11:47:01 0x0317 ( 791)   999 ->  1000  (0x03E7 -> 0x03E8)
11:47:04 0x0317 ( 791)  1000 ->   999  (0x03E8 -> 0x03E7)
11:47:04 0x031A ( 794)  1189 ->  1190  (0x04A5 -> 0x04A6)
11:47:06 0x0204 ( 516)     2 ->     3  (0x0002 -> 0x0003)
11:47:06 0x0311 ( 785)     2 ->     3  (0x0002 -> 0x0003)
11:47:06 0x0316 ( 790)  1000 ->  1050  (0x03E8 -> 0x041A)
11:47:06 0x0317 ( 791)   999 ->  1003  (0x03E7 -> 0x03EB)
11:47:09 0x0317 ( 791)  1003 ->  1028  (0x03EB -> 0x0404)
11:47:11 0x0317 ( 791)  1028 ->  1049  (0x0404 -> 0x0419)
11:47:14 0x0317 ( 791)  1049 ->  1050  (0x0419 -> 0x041A)
11:47:14 0x0318 ( 792)  1228 ->  1227  (0x04CC -> 0x04CB)
11:47:18 0x0317 ( 791)  1050 ->  1049  (0x041A -> 0x0419)
11:47:21 0x0311 ( 785)     3 ->     4  (0x0003 -> 0x0004)
11:47:23 0x0204 ( 516)     3 ->     4  (0x0003 -> 0x0004)
11:47:23 0x0316 ( 790)  1050 ->  1100  (0x041A -> 0x044C)
11:47:23 0x0317 ( 791)  1049 ->  1058  (0x0419 -> 0x0422)
11:47:26 0x0317 ( 791)  1058 ->  1082  (0x0422 -> 0x043A)
11:47:28 0x0317 ( 791)  1082 ->  1100  (0x043A -> 0x044C)
11:47:28 0x031A ( 794)  1190 ->  1191  (0x04A6 -> 0x04A7)
11:47:31 0x0317 ( 791)  1100 ->  1099  (0x044C -> 0x044B)
11:47:33 0x0317 ( 791)  1099 ->  1100  (0x044B -> 0x044C)
11:47:36 0x0204 ( 516)     4 ->     5  (0x0004 -> 0x0005)
11:47:36 0x0311 ( 785)     4 ->     5  (0x0004 -> 0x0005)
11:47:38 0x0316 ( 790)  1100 ->  1120  (0x044C -> 0x0460)
11:47:38 0x0317 ( 791)  1100 ->  1107  (0x044C -> 0x0453)
11:47:41 0x0317 ( 791)  1107 ->  1119  (0x0453 -> 0x045F)
11:47:43 0x0317 ( 791)  1119 ->  1120  (0x045F -> 0x0460)
11:47:46 0x0317 ( 791)  1120 ->  1119  (0x0460 -> 0x045F)
11:47:48 0x0204 ( 516)     5 ->     6  (0x0005 -> 0x0006)
11:47:48 0x0311 ( 785)     5 ->     6  (0x0005 -> 0x0006)
11:47:51 0x0316 ( 790)  1120 ->  1150  (0x0460 -> 0x047E)
11:47:51 0x0317 ( 791)  1119 ->  1132  (0x045F -> 0x046C)
11:47:51 0x031A ( 794)  1191 ->  1192  (0x04A7 -> 0x04A8)
11:47:53 0x0317 ( 791)  1132 ->  1149  (0x046C -> 0x047D)
11:47:56 0x0317 ( 791)  1149 ->  1150  (0x047D -> 0x047E)
11:47:58 0x0317 ( 791)  1150 ->  1149  (0x047E -> 0x047D)
11:47:58 0x0318 ( 792)  1227 ->  1226  (0x04CB -> 0x04CA)
11:48:03 0x0207 ( 519)     0 ->     1  (0x0000 -> 0x0001)
11:48:03 0x0311 ( 785)     6 ->     7  (0x0006 -> 0x0007)
11:48:03 0x0316 ( 790)  1150 ->  1200  (0x047E -> 0x04B0)
11:48:03 0x0317 ( 791)  1149 ->  1158  (0x047D -> 0x0486)
11:48:03 0x0318 ( 792)  1226 ->  1227  (0x04CA -> 0x04CB)
11:48:06 0x0317 ( 791)  1158 ->  1182  (0x0486 -> 0x049E)
11:48:06 0x0318 ( 792)  1227 ->  1226  (0x04CB -> 0x04CA)
11:48:08 0x0317 ( 791)  1182 ->  1200  (0x049E -> 0x04B0)
11:48:08 0x031A ( 794)  1192 ->  1193  (0x04A8 -> 0x04A9)
11:48:11 0x0317 ( 791)  1200 ->  1199  (0x04B0 -> 0x04AF)
11:48:13 0x0317 ( 791)  1199 ->  1200  (0x04AF -> 0x04B0)
11:48:16 0x0317 ( 791)  1200 ->  1199  (0x04B0 -> 0x04AF)
11:48:18 0x031A ( 794)  1193 ->  1194  (0x04A9 -> 0x04AA)
11:48:21 0x0204 ( 516)     6 ->     1  (0x0006 -> 0x0001)
11:48:21 0x0207 ( 519)     1 ->     0  (0x0001 -> 0x0000)
11:48:21 0x0311 ( 785)     7 ->     4  (0x0007 -> 0x0004)
11:48:23 0x0316 ( 790)  1200 ->  1180  (0x04B0 -> 0x049C)
11:48:23 0x0317 ( 791)  1199 ->  1188  (0x04AF -> 0x04A4)
11:48:26 0x0316 ( 790)  1180 ->  1140  (0x049C -> 0x0474)
11:48:26 0x0317 ( 791)  1188 ->  1166  (0x04A4 -> 0x048E)
11:48:28 0x0316 ( 790)  1140 ->  1120  (0x0474 -> 0x0460)
11:48:28 0x0317 ( 791)  1166 ->  1141  (0x048E -> 0x0475)
11:48:28 0x031A ( 794)  1194 ->  1195  (0x04AA -> 0x04AB)
11:48:31 0x0316 ( 790)  1120 ->  1100  (0x0460 -> 0x044C)
11:48:31 0x0317 ( 791)  1141 ->  1116  (0x0475 -> 0x045C)
11:48:33 0x0317 ( 791)  1116 ->  1103  (0x045C -> 0x044F)
11:48:36 0x0317 ( 791)  1103 ->  1099  (0x044F -> 0x044B)
11:48:38 0x0317 ( 791)  1099 ->  1100  (0x044B -> 0x044C)
11:48:41 0x0204 ( 516)     1 ->     2  (0x0001 -> 0x0002)
11:48:41 0x0208 ( 520)     0 ->     1  (0x0000 -> 0x0001)
11:48:41 0x0311 ( 785)     4 ->     8  (0x0004 -> 0x0008)
11:48:41 0x0316 ( 790)  1100 ->   950  (0x044C -> 0x03B6)
11:48:43 0x0208 ( 520)     1 ->     0  (0x0001 -> 0x0000)
11:48:43 0x0311 ( 785)     8 ->     2  (0x0008 -> 0x0002)
11:48:43 0x0316 ( 790)   950 ->  1000  (0x03B6 -> 0x03E8)
11:48:43 0x0317 ( 791)  1100 ->  1082  (0x044C -> 0x043A)
11:48:43 0x0318 ( 792)  1226 ->  1225  (0x04CA -> 0x04C9)
11:48:46 0x0317 ( 791)  1082 ->  1057  (0x043A -> 0x0421)
11:48:46 0x0318 ( 792)  1225 ->  1226  (0x04C9 -> 0x04CA)
11:48:48 0x0317 ( 791)  1057 ->  1032  (0x0421 -> 0x0408)
11:48:48 0x0318 ( 792)  1226 ->  1225  (0x04CA -> 0x04C9)
11:48:50 0x0317 ( 791)  1032 ->  1007  (0x0408 -> 0x03EF)
11:48:53 0x0204 ( 516)     2 ->     1  (0x0002 -> 0x0001)
11:48:53 0x0317 ( 791)  1007 ->   999  (0x03EF -> 0x03E7)
11:48:55 0x0204 ( 516)     1 ->     3  (0x0001 -> 0x0003)
11:48:55 0x0311 ( 785)     2 ->     3  (0x0002 -> 0x0003)
11:48:55 0x0316 ( 790)  1000 ->  1050  (0x03E8 -> 0x041A)
11:48:55 0x031A ( 794)  1195 ->  1196  (0x04AB -> 0x04AC)
11:48:58 0x0204 ( 516)     3 ->     1  (0x0003 -> 0x0001)
11:48:58 0x0311 ( 785)     3 ->     4  (0x0003 -> 0x0004)
11:48:58 0x0317 ( 791)   999 ->  1008  (0x03E7 -> 0x03F0)
11:49:00 0x0316 ( 790)  1050 ->  1070  (0x041A -> 0x042E)
11:49:00 0x0317 ( 791)  1008 ->  1032  (0x03F0 -> 0x0408)
11:49:03 0x0316 ( 790)  1070 ->  1090  (0x042E -> 0x0442)
11:49:03 0x0317 ( 791)  1032 ->  1058  (0x0408 -> 0x0422)
11:49:05 0x0317 ( 791)  1058 ->  1082  (0x0422 -> 0x043A)
11:49:08 0x0316 ( 790)  1090 ->  1100  (0x0442 -> 0x044C)
11:49:08 0x0317 ( 791)  1082 ->  1092  (0x043A -> 0x0444)
11:49:08 0x031A ( 794)  1196 ->  1197  (0x04AC -> 0x04AD)
11:49:10 0x0317 ( 791)  1092 ->  1099  (0x0444 -> 0x044B)
11:49:13 0x0203 ( 515)   210 ->   260  (0x00D2 -> 0x0104)
11:49:13 0x0209 ( 521)     0 ->     1  (0x0000 -> 0x0001)
11:49:15 0x031A ( 794)  1197 ->  1198  (0x04AD -> 0x04AE)
11:49:23 0x031A ( 794)  1198 ->  1199  (0x04AE -> 0x04AF)
11:49:25 0x0317 ( 791)  1099 ->  1100  (0x044B -> 0x044C)
11:49:30 0x031A ( 794)  1199 ->  1200  (0x04AF -> 0x04B0)
11:49:35 0x0317 ( 791)  1100 ->  1099  (0x044C -> 0x044B)
11:49:40 0x031A ( 794)  1200 ->  1201  (0x04B0 -> 0x04B1)
11:49:50 0x031A ( 794)  1201 ->  1202  (0x04B1 -> 0x04B2)
11:49:57 0x0317 ( 791)  1099 ->  1098  (0x044B -> 0x044A)
11:50:00 0x0317 ( 791)  1098 ->  1099  (0x044A -> 0x044B)
11:50:00 0x031A ( 794)  1202 ->  1203  (0x04B2 -> 0x04B3)
11:50:00 0x031F ( 799)     0 ->    60  (0x0000 -> 0x003C)
11:50:00 0x0320 ( 800)     0 ->    60  (0x0000 -> 0x003C)
11:50:02 0x0218 ( 536)     0 ->    60  (0x0000 -> 0x003C)
11:50:07 0x031A ( 794)  1203 ->  1204  (0x04B3 -> 0x04B4)
11:50:12 0x0318 ( 792)  1225 ->  1226  (0x04C9 -> 0x04CA)
11:50:12 0x031A ( 794)  1204 ->  1205  (0x04B4 -> 0x04B5)
11:50:15 0x0318 ( 792)  1226 ->  1225  (0x04CA -> 0x04C9)
11:50:17 0x0318 ( 792)  1225 ->  1226  (0x04C9 -> 0x04CA)
11:50:17 0x031A ( 794)  1205 ->  1206  (0x04B5 -> 0x04B6)
11:50:20 0x0318 ( 792)  1226 ->  1225  (0x04CA -> 0x04C9)
11:50:22 0x0317 ( 791)  1099 ->  1100  (0x044B -> 0x044C)
11:50:25 0x0218 ( 536)    60 ->    90  (0x003C -> 0x005A)
11:50:25 0x031A ( 794)  1206 ->  1207  (0x04B6 -> 0x04B7)
11:50:25 0x031F ( 799)    60 ->    90  (0x003C -> 0x005A)
11:50:25 0x0320 ( 800)    60 ->    90  (0x003C -> 0x005A)
11:50:30 0x0317 ( 791)  1100 ->  1099  (0x044C -> 0x044B)
11:50:30 0x0318 ( 792)  1225 ->  1226  (0x04C9 -> 0x04CA)
11:50:30 0x031A ( 794)  1207 ->  1208  (0x04B7 -> 0x04B8)
11:50:32 0x0318 ( 792)  1226 ->  1225  (0x04CA -> 0x04C9)
11:50:35 0x0317 ( 791)  1099 ->  1100  (0x044B -> 0x044C)
11:50:35 0x031A ( 794)  1208 ->  1209  (0x04B8 -> 0x04B9)
11:50:37 0x0318 ( 792)  1225 ->  1226  (0x04C9 -> 0x04CA)
11:50:40 0x031A ( 794)  1209 ->  1210  (0x04B9 -> 0x04BA)
11:50:42 0x0317 ( 791)  1100 ->  1099  (0x044C -> 0x044B)
11:50:47 0x0218 ( 536)    90 ->     0  (0x005A -> 0x0000)
11:50:47 0x031F ( 799)    90 ->     0  (0x005A -> 0x0000)
11:50:47 0x0320 ( 800)    90 ->     0  (0x005A -> 0x0000)
11:50:50 0x031A ( 794)  1210 ->  1211  (0x04BA -> 0x04BB)
11:50:56 0x0317 ( 791)  1099 ->  1100  (0x044B -> 0x044C)
11:50:58 0x031A ( 794)  1211 ->  1212  (0x04BB -> 0x04BC)
11:51:03 0x0317 ( 791)  1100 ->  1099  (0x044C -> 0x044B)
11:51:05 0x020D ( 525)     1 ->     0  (0x0001 -> 0x0000)
11:51:05 0x0317 ( 791)  1099 ->  1100  (0x044B -> 0x044C)
11:51:08 0x031A ( 794)  1212 ->  1213  (0x04BC -> 0x04BD)
11:51:10 0x0317 ( 791)  1100 ->  1099  (0x044C -> 0x044B)
11:51:13 0x0317 ( 791)  1099 ->  1100  (0x044B -> 0x044C)
11:51:15 0x0317 ( 791)  1100 ->  1099  (0x044C -> 0x044B)
11:51:20 0x0317 ( 791)  1099 ->  1100  (0x044B -> 0x044C)
11:51:20 0x031A ( 794)  1213 ->  1214  (0x04BD -> 0x04BE)
11:51:25 0x0317 ( 791)  1100 ->  1099  (0x044C -> 0x044B)
11:51:28 0x0317 ( 791)  1099 ->  1100  (0x044B -> 0x044C)
11:51:31 0x0317 ( 791)  1100 ->  1099  (0x044C -> 0x044B)
11:51:33 0x031A ( 794)  1214 ->  1215  (0x04BE -> 0x04BF)
11:51:35 0x0317 ( 791)  1099 ->  1100  (0x044B -> 0x044C)
11:51:38 0x0317 ( 791)  1100 ->  1099  (0x044C -> 0x044B)
11:51:45 0x020D ( 525)     0 ->     1  (0x0000 -> 0x0001)
11:51:45 0x0317 ( 791)  1099 ->  1100  (0x044B -> 0x044C)
11:51:48 0x0317 ( 791)  1100 ->  1099  (0x044C -> 0x044B)
11:51:50 0x020D ( 525)     1 ->     0  (0x0001 -> 0x0000)
11:51:53 0x0317 ( 791)  1099 ->  1100  (0x044B -> 0x044C)
11:51:53 0x031A ( 794)  1215 ->  1216  (0x04BF -> 0x04C0)
11:51:58 0x0317 ( 791)  1100 ->  1099  (0x044C -> 0x044B)
11:52:05 0x0318 ( 792)  1226 ->  1227  (0x04CA -> 0x04CB)
11:52:13 0x0317 ( 791)  1099 ->  1100  (0x044B -> 0x044C)
11:52:13 0x031A ( 794)  1216 ->  1217  (0x04C0 -> 0x04C1)
11:52:15 0x020A ( 522)     0 ->     1  (0x0000 -> 0x0001)
11:52:18 0x0317 ( 791)  1100 ->  1099  (0x044C -> 0x044B)
11:52:20 0x020A ( 522)     1 ->     0  (0x0001 -> 0x0000)
11:52:28 0x0311 ( 785)     4 ->     2  (0x0004 -> 0x0002)
11:52:28 0x0316 ( 790)  1100 ->  1080  (0x044C -> 0x0438)
11:52:30 0x0316 ( 790)  1080 ->  1060  (0x0438 -> 0x0424)
11:52:30 0x0317 ( 791)  1099 ->  1081  (0x044B -> 0x0439)
11:52:33 0x0316 ( 790)  1060 ->  1040  (0x0424 -> 0x0410)
11:52:33 0x0317 ( 791)  1081 ->  1056  (0x0439 -> 0x0420)
11:52:35 0x020A ( 522)     0 ->     1  (0x0000 -> 0x0001)
11:52:35 0x0316 ( 790)  1040 ->  1020  (0x0410 -> 0x03FC)
11:52:35 0x0317 ( 791)  1056 ->  1032  (0x0420 -> 0x0408)
11:52:38 0x020A ( 522)     1 ->     0  (0x0001 -> 0x0000)
11:52:38 0x0316 ( 790)  1020 ->  1000  (0x03FC -> 0x03E8)
11:52:38 0x0317 ( 791)  1032 ->  1006  (0x0408 -> 0x03EE)
11:52:38 0x031A ( 794)  1217 ->  1218  (0x04C1 -> 0x04C2)
11:52:40 0x0317 ( 791)  1006 ->   999  (0x03EE -> 0x03E7)
11:52:55 0x0317 ( 791)   999 ->  1000  (0x03E7 -> 0x03E8)
11:52:58 0x0317 ( 791)  1000 ->   999  (0x03E8 -> 0x03E7)
11:53:00 0x0314 ( 788)     8 ->     0  (0x0008 -> 0x0000)
11:53:00 0x0317 ( 791)   999 ->  1000  (0x03E7 -> 0x03E8)
11:53:03 0x0317 ( 791)  1000 ->   999  (0x03E8 -> 0x03E7)
11:53:05 0x031A ( 794)  1218 ->  1219  (0x04C2 -> 0x04C3)
11:53:08 0x0317 ( 791)   999 ->  1000  (0x03E7 -> 0x03E8)
11:53:08 0x0318 ( 792)  1227 ->  1228  (0x04CB -> 0x04CC)
11:53:10 0x0318 ( 792)  1228 ->  1227  (0x04CC -> 0x04CB)
11:53:13 0x0317 ( 791)  1000 ->   999  (0x03E8 -> 0x03E7)
11:53:15 0x0317 ( 791)   999 ->  1000  (0x03E7 -> 0x03E8)
11:53:18 0x0317 ( 791)  1000 ->   999  (0x03E8 -> 0x03E7)
11:53:18 0x0318 ( 792)  1227 ->  1228  (0x04CB -> 0x04CC)
11:53:25 0x0317 ( 791)   999 ->  1000  (0x03E7 -> 0x03E8)
11:53:25 0x0318 ( 792)  1228 ->  1240  (0x04CC -> 0x04D8)
11:53:28 0x0317 ( 791)  1000 ->   999  (0x03E8 -> 0x03E7)
11:53:30 0x0318 ( 792)  1240 ->  1220  (0x04D8 -> 0x04C4)
11:53:33 0x0318 ( 792)  1220 ->  1228  (0x04C4 -> 0x04CC)
11:53:35 0x031A ( 794)  1219 ->  1220  (0x04C3 -> 0x04C4)
11:53:41 0x0317 ( 791)   999 ->  1000  (0x03E7 -> 0x03E8)
11:53:46 0x0317 ( 791)  1000 ->   999  (0x03E8 -> 0x03E7)
11:53:49 0x0317 ( 791)   999 ->  1000  (0x03E7 -> 0x03E8)
11:53:54 0x0317 ( 791)  1000 ->   999  (0x03E8 -> 0x03E7)
11:53:56 0x0317 ( 791)   999 ->  1000  (0x03E7 -> 0x03E8)
11:53:59 0x0317 ( 791)  1000 ->   999  (0x03E8 -> 0x03E7)
11:54:04 0x0209 ( 521)     1 ->     0  (0x0001 -> 0x0000)
11:54:06 0x0318 ( 792)  1228 ->  1240  (0x04CC -> 0x04D8)
11:54:16 0x0317 ( 791)   999 ->  1000  (0x03E7 -> 0x03E8)
11:54:18 0x0317 ( 791)  1000 ->   999  (0x03E8 -> 0x03E7)
11:54:21 0x0317 ( 791)   999 ->  1000  (0x03E7 -> 0x03E8)
11:54:21 0x0318 ( 792)  1240 ->  1228  (0x04D8 -> 0x04CC)
11:54:26 0x031A ( 794)  1220 ->  1221  (0x04C4 -> 0x04C5)
11:54:31 0x0317 ( 791)  1000 ->   999  (0x03E8 -> 0x03E7)
11:54:43 0x0317 ( 791)   999 ->  1000  (0x03E7 -> 0x03E8)
11:54:46 0x0201 ( 513)     1 ->     0  (0x0001 -> 0x0000)
11:54:46 0x020D ( 525)     0 ->     1  (0x0000 -> 0x0001)
11:54:46 0x030F ( 783)     1 ->     0  (0x0001 -> 0x0000)
11:54:46 0x0311 ( 785)     2 ->     1  (0x0002 -> 0x0001)
11:54:46 0x0316 ( 790)  1000 ->     0  (0x03E8 -> 0x0000)
11:54:46 0x0317 ( 791)  1000 ->     0  (0x03E8 -> 0x0000)
11:54:48 0x0318 ( 792)  1228 ->  1227  (0x04CC -> 0x04CB)
11:54:51 0x0318 ( 792)  1227 ->  1228  (0x04CB -> 0x04CC)
11:54:53 0x0318 ( 792)  1228 ->  1227  (0x04CC -> 0x04CB)

[exited with code 144]
