baseline: 22 non-zero registers; watching (Ctrl-C to stop)
11:40:35 0x0317 ( 791)   999 ->  1003  (0x03E7 -> 0x03EB)
11:40:37 0x0317 ( 791)  1003 ->  1028  (0x03EB -> 0x0404)
11:40:40 0x0317 ( 791)  1028 ->  1049  (0x0404 -> 0x0419)
11:40:42 0x0317 ( 791)  1049 ->  1052  (0x0419 -> 0x041C)
11:40:45 0x0317 ( 791)  1052 ->  1078  (0x041C -> 0x0436)
11:40:47 0x0317 ( 791)  1078 ->  1099  (0x0436 -> 0x044B)
11:40:50 0x0317 ( 791)  1099 ->  1100  (0x044B -> 0x044C)
11:40:58 0x0317 ( 791)  1100 ->  1099  (0x044C -> 0x044B)
11:41:00 0x0317 ( 791)  1099 ->  1100  (0x044B -> 0x044C)
11:41:03 0x0317 ( 791)  1100 ->  1099  (0x044C -> 0x044B)
11:41:06 0x0317 ( 791)  1099 ->  1100  (0x044B -> 0x044C)
11:41:08 0x0314 ( 788)     0 ->     8  (0x0000 -> 0x0008)
11:41:11 0x0317 ( 791)  1100 ->  1099  (0x044C -> 0x044B)
11:41:16 0x031A ( 794)  1231 ->  1230  (0x04CF -> 0x04CE)
11:41:18 0x0317 ( 791)  1099 ->  1100  (0x044B -> 0x044C)
11:41:18 0x031A ( 794)  1230 ->  1228  (0x04CE -> 0x04CC)
11:41:21 0x031A ( 794)  1228 ->  1224  (0x04CC -> 0x04C8)
11:41:23 0x0317 ( 791)  1100 ->  1099  (0x044C -> 0x044B)
11:41:23 0x031A ( 794)  1224 ->  1222  (0x04C8 -> 0x04C6)
11:41:25 0x031A ( 794)  1222 ->  1219  (0x04C6 -> 0x04C3)
11:41:28 0x0317 ( 791)  1099 ->  1100  (0x044B -> 0x044C)
11:41:28 0x031A ( 794)  1219 ->  1214  (0x04C3 -> 0x04BE)
11:41:30 0x0317 ( 791)  1100 ->  1099  (0x044C -> 0x044B)
11:41:30 0x0318 ( 792)  1234 ->  1233  (0x04D2 -> 0x04D1)
11:41:30 0x031A ( 794)  1214 ->  1210  (0x04BE -> 0x04BA)
11:41:33 0x031A ( 794)  1210 ->  1204  (0x04BA -> 0x04B4)
11:41:35 0x031A ( 794)  1204 ->  1200  (0x04B4 -> 0x04B0)
11:41:38 0x031A ( 794)  1200 ->  1195  (0x04B0 -> 0x04AB)
11:41:40 0x0317 ( 791)  1099 ->  1100  (0x044B -> 0x044C)
11:41:40 0x0318 ( 792)  1233 ->  1234  (0x04D1 -> 0x04D2)
11:41:40 0x031A ( 794)  1195 ->  1192  (0x04AB -> 0x04A8)
11:41:43 0x0317 ( 791)  1100 ->  1099  (0x044C -> 0x044B)
11:41:43 0x0318 ( 792)  1234 ->  1233  (0x04D2 -> 0x04D1)
11:41:43 0x031A ( 794)  1192 ->  1186  (0x04A8 -> 0x04A2)
11:41:45 0x031A ( 794)  1186 ->  1183  (0x04A2 -> 0x049F)
11:41:48 0x0317 ( 791)  1099 ->  1100  (0x044B -> 0x044C)
11:41:48 0x031A ( 794)  1183 ->  1179  (0x049F -> 0x049B)
11:41:50 0x031A ( 794)  1179 ->  1176  (0x049B -> 0x0498)
11:41:53 0x0317 ( 791)  1100 ->  1099  (0x044C -> 0x044B)
11:41:53 0x031A ( 794)  1176 ->  1172  (0x0498 -> 0x0494)
11:41:55 0x031A ( 794)  1172 ->  1170  (0x0494 -> 0x0492)
11:41:58 0x0203 ( 515)   200 ->   210  (0x00C8 -> 0x00D2)
11:41:58 0x031A ( 794)  1170 ->  1169  (0x0492 -> 0x0491)
11:42:03 0x0317 ( 791)  1099 ->  1100  (0x044B -> 0x044C)
11:42:05 0x0317 ( 791)  1100 ->  1099  (0x044C -> 0x044B)
11:42:08 0x031A ( 794)  1169 ->  1170  (0x0491 -> 0x0492)
11:42:10 0x0317 ( 791)  1099 ->  1100  (0x044B -> 0x044C)
11:42:10 0x031A ( 794)  1170 ->  1171  (0x0492 -> 0x0493)
11:42:13 0x0317 ( 791)  1100 ->  1099  (0x044C -> 0x044B)
11:42:13 0x031A ( 794)  1171 ->  1173  (0x0493 -> 0x0495)
11:42:15 0x0318 ( 792)  1233 ->  1232  (0x04D1 -> 0x04D0)
11:42:18 0x031A ( 794)  1173 ->  1175  (0x0495 -> 0x0497)
11:42:20 0x031A ( 794)  1175 ->  1176  (0x0497 -> 0x0498)
11:42:23 0x0317 ( 791)  1099 ->  1100  (0x044B -> 0x044C)
11:42:23 0x031A ( 794)  1176 ->  1177  (0x0498 -> 0x0499)
11:42:25 0x0317 ( 791)  1100 ->  1099  (0x044C -> 0x044B)
11:42:25 0x031A ( 794)  1177 ->  1178  (0x0499 -> 0x049A)
11:42:28 0x031A ( 794)  1178 ->  1179  (0x049A -> 0x049B)
11:42:30 0x0317 ( 791)  1099 ->  1100  (0x044B -> 0x044C)
11:42:30 0x031A ( 794)  1179 ->  1180  (0x049B -> 0x049C)
11:42:33 0x0310 ( 784)     1 ->     2  (0x0001 -> 0x0002)
11:42:33 0x0317 ( 791)  1100 ->  1099  (0x044C -> 0x044B)
11:42:33 0x031A ( 794)  1180 ->  1176  (0x049C -> 0x0498)
11:42:36 0x0202 ( 514)     1 ->     2  (0x0001 -> 0x0002)
11:42:36 0x0203 ( 515)   210 ->   200  (0x00D2 -> 0x00C8)
11:42:36 0x0204 ( 516)     1 ->     2  (0x0001 -> 0x0002)
11:42:36 0x0311 ( 785)     4 ->     2  (0x0004 -> 0x0002)
11:42:36 0x0316 ( 790)  1100 ->  1000  (0x044C -> 0x03E8)
11:42:36 0x031A ( 794)  1176 ->  1170  (0x0498 -> 0x0492)
11:42:38 0x0317 ( 791)  1099 ->  1088  (0x044B -> 0x0440)
11:42:38 0x031A ( 794)  1170 ->  1160  (0x0492 -> 0x0488)
11:42:41 0x0317 ( 791)  1088 ->  1062  (0x0440 -> 0x0426)
11:42:41 0x031A ( 794)  1160 ->  1153  (0x0488 -> 0x0481)
11:42:43 0x0317 ( 791)  1062 ->  1037  (0x0426 -> 0x040D)
11:42:43 0x0318 ( 792)  1232 ->  1231  (0x04D0 -> 0x04CF)
11:42:43 0x031A ( 794)  1153 ->  1145  (0x0481 -> 0x0479)
11:42:46 0x0317 ( 791)  1037 ->  1012  (0x040D -> 0x03F4)
11:42:46 0x031A ( 794)  1145 ->  1139  (0x0479 -> 0x0473)
11:42:48 0x0317 ( 791)  1012 ->   999  (0x03F4 -> 0x03E7)
11:42:48 0x031A ( 794)  1139 ->  1133  (0x0473 -> 0x046D)
11:42:51 0x0317 ( 791)   999 ->  1000  (0x03E7 -> 0x03E8)
11:42:51 0x031A ( 794)  1133 ->  1130  (0x046D -> 0x046A)
11:42:53 0x031A ( 794)  1130 ->  1125  (0x046A -> 0x0465)
11:42:56 0x0317 ( 791)  1000 ->   999  (0x03E8 -> 0x03E7)
11:42:56 0x031A ( 794)  1125 ->  1122  (0x0465 -> 0x0462)
11:42:58 0x0317 ( 791)   999 ->  1000  (0x03E7 -> 0x03E8)
11:42:58 0x031A ( 794)  1122 ->  1119  (0x0462 -> 0x045F)
11:43:01 0x0317 ( 791)  1000 ->   999  (0x03E8 -> 0x03E7)
11:43:01 0x031A ( 794)  1119 ->  1117  (0x045F -> 0x045D)
11:43:03 0x0202 ( 514)     2 ->     3  (0x0002 -> 0x0003)
11:43:03 0x0203 ( 515)   200 ->   260  (0x00C8 -> 0x0104)
11:43:03 0x0204 ( 516)     2 ->     1  (0x0002 -> 0x0001)
11:43:03 0x0310 ( 784)     2 ->     3  (0x0002 -> 0x0003)
11:43:03 0x031A ( 794)  1117 ->  1115  (0x045D -> 0x045B)
11:43:06 0x0318 ( 792)  1231 ->  1230  (0x04CF -> 0x04CE)
11:43:08 0x031A ( 794)  1115 ->  1114  (0x045B -> 0x045A)
11:43:13 0x031A ( 794)  1114 ->  1113  (0x045A -> 0x0459)
11:43:18 0x0317 ( 791)   999 ->  1000  (0x03E7 -> 0x03E8)
11:43:18 0x031A ( 794)  1113 ->  1114  (0x0459 -> 0x045A)
11:43:21 0x0317 ( 791)  1000 ->   999  (0x03E8 -> 0x03E7)
11:43:21 0x031A ( 794)  1114 ->  1115  (0x045A -> 0x045B)
11:43:23 0x031A ( 794)  1115 ->  1118  (0x045B -> 0x045E)
11:43:26 0x0202 ( 514)     3 ->     4  (0x0003 -> 0x0004)
11:43:26 0x0310 ( 784)     3 ->     4  (0x0003 -> 0x0004)
11:43:26 0x031A ( 794)  1118 ->  1121  (0x045E -> 0x0461)
11:43:28 0x031A ( 794)  1121 ->  1126  (0x0461 -> 0x0466)
11:43:31 0x0311 ( 785)     2 ->     8  (0x0002 -> 0x0008)
11:43:31 0x0316 ( 790)  1000 ->   850  (0x03E8 -> 0x0352)
11:43:31 0x0317 ( 791)   999 ->   986  (0x03E7 -> 0x03DA)
11:43:31 0x031A ( 794)  1126 ->  1129  (0x0466 -> 0x0469)
11:43:33 0x0317 ( 791)   986 ->   961  (0x03DA -> 0x03C1)
11:43:33 0x031A ( 794)  1129 ->  1134  (0x0469 -> 0x046E)
11:43:36 0x0317 ( 791)   961 ->   936  (0x03C1 -> 0x03A8)
11:43:36 0x0318 ( 792)  1230 ->  1229  (0x04CE -> 0x04CD)
11:43:36 0x031A ( 794)  1134 ->  1138  (0x046E -> 0x0472)
11:43:38 0x0317 ( 791)   936 ->   911  (0x03A8 -> 0x038F)
11:43:38 0x031A ( 794)  1138 ->  1143  (0x0472 -> 0x0477)
11:43:41 0x0317 ( 791)   911 ->   887  (0x038F -> 0x0377)
11:43:41 0x031A ( 794)  1143 ->  1146  (0x0477 -> 0x047A)
11:43:43 0x0317 ( 791)   887 ->   862  (0x0377 -> 0x035E)
11:43:43 0x031A ( 794)  1146 ->  1150  (0x047A -> 0x047E)
11:43:46 0x0317 ( 791)   862 ->   849  (0x035E -> 0x0351)
11:43:46 0x031A ( 794)  1150 ->  1152  (0x047E -> 0x0480)
11:43:48 0x031A ( 794)  1152 ->  1155  (0x0480 -> 0x0483)
11:43:51 0x0317 ( 791)   849 ->   850  (0x0351 -> 0x0352)
11:43:51 0x031A ( 794)  1155 ->  1156  (0x0483 -> 0x0484)
11:43:53 0x031A ( 794)  1156 ->  1159  (0x0484 -> 0x0487)
11:43:56 0x0317 ( 791)   850 ->   849  (0x0352 -> 0x0351)
11:43:56 0x031A ( 794)  1159 ->  1161  (0x0487 -> 0x0489)
11:43:58 0x0317 ( 791)   849 ->   850  (0x0351 -> 0x0352)
11:43:58 0x031A ( 794)  1161 ->  1164  (0x0489 -> 0x048C)
11:44:01 0x0317 ( 791)   850 ->   849  (0x0352 -> 0x0351)
11:44:01 0x031A ( 794)  1164 ->  1166  (0x048C -> 0x048E)
11:44:03 0x031A ( 794)  1166 ->  1168  (0x048E -> 0x0490)
11:44:06 0x0311 ( 785)     8 ->     1  (0x0008 -> 0x0001)
11:44:06 0x0316 ( 790)   850 ->     0  (0x0352 -> 0x0000)
11:44:06 0x0317 ( 791)   849 ->     0  (0x0351 -> 0x0000)
11:44:06 0x0318 ( 792)  1229 ->  1228  (0x04CD -> 0x04CC)
11:44:06 0x031A ( 794)  1168 ->  1170  (0x0490 -> 0x0492)
11:44:08 0x031A ( 794)  1170 ->  1172  (0x0492 -> 0x0494)
11:44:11 0x031A ( 794)  1172 ->  1173  (0x0494 -> 0x0495)
11:44:13 0x031A ( 794)  1173 ->  1175  (0x0495 -> 0x0497)
11:44:16 0x031A ( 794)  1175 ->  1176  (0x0497 -> 0x0498)
11:44:18 0x0202 ( 514)     4 ->     5  (0x0004 -> 0x0005)
11:44:18 0x031A ( 794)  1176 ->  1177  (0x0498 -> 0x0499)
11:44:21 0x031A ( 794)  1177 ->  1178  (0x0499 -> 0x049A)
11:44:23 0x031A ( 794)  1178 ->  1179  (0x049A -> 0x049B)
11:44:28 0x031A ( 794)  1179 ->  1180  (0x049B -> 0x049C)
11:44:33 0x031A ( 794)  1180 ->  1181  (0x049C -> 0x049D)

